Archive member included because of file (symbol)

../../lib/adthas.a(cat.o)     cat/u_cat.o (cat)
../../lib/adthas.a(sendmsg.o)
                              ../../lib/adthas.a(cat.o) (send_msg)
../../lib/adthas.a(syscalla.o)
                              ../../lib/adthas.a(sendmsg.o) (send)
../../lib/adthas.a(exit.o)    cat/start.o (exit)
../../lib/adthas.a(enpage.o)  cat/start.o (enpage)

Allocating common symbols
Common symbol       size              file

p_recv_nbuf         0x4               cat/u_cat.o
p_tmp_data          0x4               cat/u_cat.o
wait_schd_tick      0x4               cat/u_cat.o
p_send_nbuf         0x4               cat/u_cat.o
p_msg_stack         0x4               cat/u_cat.o
msg_q               0x160c            cat/u_cat.o
proc_schd_next      0x4               cat/u_cat.o

Discarded input sections

 .note.GNU-stack
                0x0000000000000000        0x0 cat/u_cat.o
 .note.GNU-stack
                0x0000000000000000        0x0 ../../lib/adthas.a(cat.o)
 .note.GNU-stack
                0x0000000000000000        0x0 ../../lib/adthas.a(sendmsg.o)
 .note.GNU-stack
                0x0000000000000000        0x0 ../../lib/adthas.a(exit.o)
 .note.GNU-stack
                0x0000000000000000        0x0 ../../lib/adthas.a(enpage.o)

Memory Configuration

Name             Origin             Length             Attributes
*default*        0x0000000000000000 0xffffffffffffffff

Linker script and memory map

Address of section .text set to 0x600000
LOAD cat/start.o
LOAD cat/u_cat.o
LOAD ../../lib/adthas.a
                0x0000000008048000                PROVIDE (__executable_start, 0x8048000)
                0x0000000008048094                . = (0x8048000 + SIZEOF_HEADERS)

.interp
 *(.interp)

.note.gnu.build-id
 *(.note.gnu.build-id)

.hash
 *(.hash)

.gnu.hash
 *(.gnu.hash)

.dynsym
 *(.dynsym)

.dynstr
 *(.dynstr)

.gnu.version
 *(.gnu.version)

.gnu.version_d
 *(.gnu.version_d)

.gnu.version_r
 *(.gnu.version_r)

.rel.dyn        0x0000000008048094        0x0
 *(.rel.init)
 *(.rel.text .rel.text.* .rel.gnu.linkonce.t.*)
 .rel.text      0x0000000000000000        0x0 cat/start.o
 *(.rel.fini)
 *(.rel.rodata .rel.rodata.* .rel.gnu.linkonce.r.*)
 *(.rel.data.rel.ro* .rel.gnu.linkonce.d.rel.ro.*)
 *(.rel.data .rel.data.* .rel.gnu.linkonce.d.*)
 *(.rel.tdata .rel.tdata.* .rel.gnu.linkonce.td.*)
 *(.rel.tbss .rel.tbss.* .rel.gnu.linkonce.tb.*)
 *(.rel.ctors)
 *(.rel.dtors)
 *(.rel.got)
 *(.rel.bss .rel.bss.* .rel.gnu.linkonce.b.*)
 *(.rel.ifunc)

.rel.plt        0x0000000008048094        0x0
 *(.rel.plt)
                0x0000000008048094                PROVIDE (__rel_iplt_start, .)
 *(.rel.iplt)
 .rel.iplt      0x0000000000000000        0x0 cat/start.o
                0x0000000008048094                PROVIDE (__rel_iplt_end, .)

.init
 *(.init)

.plt            0x00000000080480a0        0x0
 *(.plt)
 *(.iplt)
 .iplt          0x0000000000000000        0x0 cat/start.o

.text           0x0000000000600000      0x186
 *(.text.unlikely .text.*_unlikely)
 *(.text.exit .text.exit.*)
 *(.text.startup .text.startup.*)
 *(.text.hot .text.hot.*)
 *(.text .stub .text.* .gnu.linkonce.t.*)
 .text          0x0000000000600000       0x15 cat/start.o
                0x0000000000600000                _start
 *fill*         0x0000000000600015        0x3 90909090
 .text          0x0000000000600018       0x5c cat/u_cat.o
                0x0000000000600018                main
 .text          0x0000000000600074       0x41 ../../lib/adthas.a(cat.o)
                0x0000000000600074                cat
 *fill*         0x00000000006000b5        0x3 90909090
 .text          0x00000000006000b8       0x19 ../../lib/adthas.a(sendmsg.o)
                0x00000000006000b8                send_msg
 *fill*         0x00000000006000d1        0xf 90909090
 .text          0x00000000006000e0       0x48 ../../lib/adthas.a(syscalla.o)
                0x00000000006000e0                send
                0x00000000006000ec                forward
                0x00000000006000f8                receive
                0x0000000000600104                setstatus
                0x0000000000600110                prints
                0x000000000060011c                setattr
 .text          0x0000000000600128       0x2e ../../lib/adthas.a(exit.o)
                0x0000000000600128                exit
 *fill*         0x0000000000600156        0x2 90909090
 .text          0x0000000000600158       0x2e ../../lib/adthas.a(enpage.o)
                0x0000000000600158                enpage
 *(.gnu.warning)

.fini
 *(.fini)
                0x0000000000600186                PROVIDE (__etext, .)
                0x0000000000600186                PROVIDE (_etext, .)
                0x0000000000600186                PROVIDE (etext, .)

.rodata
 *(.rodata .rodata.* .gnu.linkonce.r.*)

.rodata1
 *(.rodata1)

.eh_frame_hdr
 *(.eh_frame_hdr)

.eh_frame       0x0000000000600188       0xb8
 *(.eh_frame)
 .eh_frame      0x0000000000600188       0x38 cat/u_cat.o
 .eh_frame      0x00000000006001c0       0x20 ../../lib/adthas.a(cat.o)
                                         0x38 (size before relaxing)
 .eh_frame      0x00000000006001e0       0x20 ../../lib/adthas.a(sendmsg.o)
                                         0x38 (size before relaxing)
 .eh_frame      0x0000000000600200       0x20 ../../lib/adthas.a(exit.o)
                                         0x38 (size before relaxing)
 .eh_frame      0x0000000000600220       0x20 ../../lib/adthas.a(enpage.o)
                                         0x38 (size before relaxing)

.gcc_except_table
 *(.gcc_except_table .gcc_except_table.*)

.exception_ranges
 *(.exception_ranges .exception_ranges*)
                0x0000000000600240                . = (ALIGN (0x1000) - ((0x1000 - .) & 0xfff))
                0x0000000000601240                . = DATA_SEGMENT_ALIGN (0x1000, 0x1000)

.eh_frame
 *(.eh_frame)

.gcc_except_table
 *(.gcc_except_table .gcc_except_table.*)

.exception_ranges
 *(.exception_ranges .exception_ranges*)

.tdata
 *(.tdata .tdata.* .gnu.linkonce.td.*)

.tbss
 *(.tbss .tbss.* .gnu.linkonce.tb.*)
 *(.tcommon)

.preinit_array  0x0000000000601240        0x0
                0x0000000000601240                PROVIDE (__preinit_array_start, .)
 *(.preinit_array)
                0x0000000000601240                PROVIDE (__preinit_array_end, .)

.init_array     0x0000000000601240        0x0
                0x0000000000601240                PROVIDE (__init_array_start, .)
 *(SORT(.init_array.*) SORT(.ctors.*))
 *(.init_array)
 *(EXCLUDE_FILE(*crtend?.o *crtend.o *crtbegin?.o *crtbegin.o) .ctors)
                0x0000000000601240                PROVIDE (__init_array_end, .)

.fini_array     0x0000000000601240        0x0
                0x0000000000601240                PROVIDE (__fini_array_start, .)
 *(SORT(.fini_array.*) SORT(.dtors.*))
 *(.fini_array)
 *(EXCLUDE_FILE(*crtend?.o *crtend.o *crtbegin?.o *crtbegin.o) .dtors)
                0x0000000000601240                PROVIDE (__fini_array_end, .)

.ctors
 *crtbegin.o(.ctors)
 *crtbegin?.o(.ctors)
 *(EXCLUDE_FILE(*crtend?.o *crtend.o) .ctors)
 *(SORT(.ctors.*))
 *(.ctors)

.dtors
 *crtbegin.o(.dtors)
 *crtbegin?.o(.dtors)
 *(EXCLUDE_FILE(*crtend?.o *crtend.o) .dtors)
 *(SORT(.dtors.*))
 *(.dtors)

.jcr
 *(.jcr)

.data.rel.ro
 *(.data.rel.ro.local* .gnu.linkonce.d.rel.ro.local.*)
 *(.data.rel.ro* .gnu.linkonce.d.rel.ro.*)

.dynamic
 *(.dynamic)

.got
 *(.got)
 *(.igot)
                0x0000000000601240                . = DATA_SEGMENT_RELRO_END (., 0xc)

.got.plt        0x0000000000601240        0x0
 *(.got.plt)
 *(.igot.plt)
 .igot.plt      0x0000000000000000        0x0 cat/start.o

.data           0x0000000000601240        0x0
 *(.data .data.* .gnu.linkonce.d.*)
 .data          0x0000000000601240        0x0 cat/u_cat.o
 .data          0x0000000000601240        0x0 ../../lib/adthas.a(cat.o)
 .data          0x0000000000601240        0x0 ../../lib/adthas.a(sendmsg.o)
 .data          0x0000000000601240        0x0 ../../lib/adthas.a(exit.o)
 .data          0x0000000000601240        0x0 ../../lib/adthas.a(enpage.o)

.data1
 *(.data1)
                0x0000000000601240                _edata = .
                0x0000000000601240                PROVIDE (edata, .)
                0x0000000000601240                __bss_start = .

.bss            0x0000000000601240     0x1630
 *(.dynbss)
 *(.bss .bss.* .gnu.linkonce.b.*)
 .bss           0x0000000000601240        0x0 cat/u_cat.o
 .bss           0x0000000000601240        0x0 ../../lib/adthas.a(cat.o)
 .bss           0x0000000000601240        0x0 ../../lib/adthas.a(sendmsg.o)
 .bss           0x0000000000601240        0x0 ../../lib/adthas.a(exit.o)
 .bss           0x0000000000601240        0x0 ../../lib/adthas.a(enpage.o)
 *(COMMON)
 COMMON         0x0000000000601240     0x1630 cat/u_cat.o
                0x0000000000601240                p_recv_nbuf
                0x0000000000601244                p_tmp_data
                0x0000000000601248                wait_schd_tick
                0x000000000060124c                p_send_nbuf
                0x0000000000601250                p_msg_stack
                0x0000000000601260                msg_q
                0x000000000060286c                proc_schd_next
                0x0000000000602870                . = ALIGN ((. != 0x0)?0x4:0x1)
                0x0000000000602870                . = ALIGN (0x4)
                0x0000000000602870                . = ALIGN (0x4)
                0x0000000000602870                _end = .
                0x0000000000602870                PROVIDE (end, .)
                0x0000000000602870                . = DATA_SEGMENT_END (.)

.stab
 *(.stab)

.stabstr
 *(.stabstr)

.stab.excl
 *(.stab.excl)

.stab.exclstr
 *(.stab.exclstr)

.stab.index
 *(.stab.index)

.stab.indexstr
 *(.stab.indexstr)

.comment        0x0000000000000000       0x2a
 *(.comment)
 .comment       0x0000000000000000       0x2a cat/u_cat.o
                                         0x2b (size before relaxing)
 .comment       0x0000000000000000       0x2b ../../lib/adthas.a(cat.o)
 .comment       0x0000000000000000       0x2b ../../lib/adthas.a(sendmsg.o)
 .comment       0x0000000000000000       0x2b ../../lib/adthas.a(exit.o)
 .comment       0x0000000000000000       0x2b ../../lib/adthas.a(enpage.o)

.debug
 *(.debug)

.line
 *(.line)

.debug_srcinfo
 *(.debug_srcinfo)

.debug_sfnames
 *(.debug_sfnames)

.debug_aranges
 *(.debug_aranges)

.debug_pubnames
 *(.debug_pubnames)

.debug_info
 *(.debug_info .gnu.linkonce.wi.*)

.debug_abbrev
 *(.debug_abbrev)

.debug_line
 *(.debug_line)

.debug_frame
 *(.debug_frame)

.debug_str
 *(.debug_str)

.debug_loc
 *(.debug_loc)

.debug_macinfo
 *(.debug_macinfo)

.debug_weaknames
 *(.debug_weaknames)

.debug_funcnames
 *(.debug_funcnames)

.debug_typenames
 *(.debug_typenames)

.debug_varnames
 *(.debug_varnames)

.debug_pubtypes
 *(.debug_pubtypes)

.debug_ranges
 *(.debug_ranges)

.gnu.attributes
 *(.gnu.attributes)

/DISCARD/
 *(.note.GNU-stack)
 *(.gnu_debuglink)
 *(.gnu.lto_*)
OUTPUT(../sys/cat elf32-i386)
