Archive member included because of file (symbol)

../../lib/adthas.a(printf.o)  echo/u_echo.o (printf)
../../lib/adthas.a(puts.o)    ../../lib/adthas.a(printf.o) (puts)
../../lib/adthas.a(string.o)  ../../lib/adthas.a(printf.o) (strcopy)
../../lib/adthas.a(libc.o)    ../../lib/adthas.a(printf.o) (i2s)
../../lib/adthas.a(sendmsg.o)
                              ../../lib/adthas.a(puts.o) (send_msg)
../../lib/adthas.a(syscalla.o)
                              ../../lib/adthas.a(sendmsg.o) (send)
../../lib/adthas.a(exit.o)    echo/start.o (exit)
../../lib/adthas.a(enpage.o)  echo/start.o (enpage)

Allocating common symbols
Common symbol       size              file

p_tty_stack         0x4               ../../lib/adthas.a(printf.o)
p_recv_nbuf         0x4               echo/u_echo.o
p_tmp_data          0x4               echo/u_echo.o
wait_schd_tick      0x4               echo/u_echo.o
p_send_nbuf         0x4               echo/u_echo.o
p_msg_stack         0x4               echo/u_echo.o
msg_q               0x160c            echo/u_echo.o
proc_schd_next      0x4               echo/u_echo.o
cmdl                0x4               ../../lib/adthas.a(printf.o)

Discarded input sections

 .note.GNU-stack
                0x0000000000000000        0x0 echo/u_echo.o
 .note.GNU-stack
                0x0000000000000000        0x0 ../../lib/adthas.a(printf.o)
 .note.GNU-stack
                0x0000000000000000        0x0 ../../lib/adthas.a(puts.o)
 .note.GNU-stack
                0x0000000000000000        0x0 ../../lib/adthas.a(string.o)
 .note.GNU-stack
                0x0000000000000000        0x0 ../../lib/adthas.a(libc.o)
 .note.GNU-stack
                0x0000000000000000        0x0 ../../lib/adthas.a(sendmsg.o)
 .note.GNU-stack
                0x0000000000000000        0x0 ../../lib/adthas.a(exit.o)
 .note.GNU-stack
                0x0000000000000000        0x0 ../../lib/adthas.a(enpage.o)

Memory Configuration

Name             Origin             Length             Attributes
*default*        0x0000000000000000 0xffffffffffffffff

Linker script and memory map

Address of section .text set to 0x600000
LOAD echo/start.o
LOAD echo/u_echo.o
LOAD ../../lib/adthas.a
                0x0000000008048000                PROVIDE (__executable_start, 0x8048000)
                0x0000000008048094                . = (0x8048000 + SIZEOF_HEADERS)

.interp
 *(.interp)

.note.gnu.build-id
 *(.note.gnu.build-id)

.hash
 *(.hash)

.gnu.hash
 *(.gnu.hash)

.dynsym
 *(.dynsym)

.dynstr
 *(.dynstr)

.gnu.version
 *(.gnu.version)

.gnu.version_d
 *(.gnu.version_d)

.gnu.version_r
 *(.gnu.version_r)

.rel.dyn        0x0000000008048094        0x0
 *(.rel.init)
 *(.rel.text .rel.text.* .rel.gnu.linkonce.t.*)
 .rel.text      0x0000000000000000        0x0 echo/start.o
 *(.rel.fini)
 *(.rel.rodata .rel.rodata.* .rel.gnu.linkonce.r.*)
 *(.rel.data.rel.ro* .rel.gnu.linkonce.d.rel.ro.*)
 *(.rel.data .rel.data.* .rel.gnu.linkonce.d.*)
 *(.rel.tdata .rel.tdata.* .rel.gnu.linkonce.td.*)
 *(.rel.tbss .rel.tbss.* .rel.gnu.linkonce.tb.*)
 *(.rel.ctors)
 *(.rel.dtors)
 *(.rel.got)
 *(.rel.bss .rel.bss.* .rel.gnu.linkonce.b.*)
 *(.rel.ifunc)

.rel.plt        0x0000000008048094        0x0
 *(.rel.plt)
                0x0000000008048094                PROVIDE (__rel_iplt_start, .)
 *(.rel.iplt)
 .rel.iplt      0x0000000000000000        0x0 echo/start.o
                0x0000000008048094                PROVIDE (__rel_iplt_end, .)

.init
 *(.init)

.plt            0x00000000080480a0        0x0
 *(.plt)
 *(.iplt)
 .iplt          0x0000000000000000        0x0 echo/start.o

.text           0x0000000000600000      0x9e6
 *(.text.unlikely .text.*_unlikely)
 *(.text.exit .text.exit.*)
 *(.text.startup .text.startup.*)
 *(.text.hot .text.hot.*)
 *(.text .stub .text.* .gnu.linkonce.t.*)
 .text          0x0000000000600000       0x15 echo/start.o
                0x0000000000600000                _start
 *fill*         0x0000000000600015        0x3 90909090
 .text          0x0000000000600018       0x1b echo/u_echo.o
                0x0000000000600018                main
 *fill*         0x0000000000600033        0x1 90909090
 .text          0x0000000000600034      0x1fd ../../lib/adthas.a(printf.o)
                0x0000000000600034                printf
                0x000000000060005a                printf_exec
 *fill*         0x0000000000600231        0x3 90909090
 .text          0x0000000000600234       0x34 ../../lib/adthas.a(puts.o)
                0x0000000000600234                puts
 .text          0x0000000000600268      0x119 ../../lib/adthas.a(string.o)
                0x0000000000600268                strcopy
                0x000000000060028c                strcpy
                0x00000000006002bc                memcpy
                0x00000000006002ec                strlen
                0x0000000000600312                strcmp
 *fill*         0x0000000000600381        0x3 90909090
 .text          0x0000000000600384      0x594 ../../lib/adthas.a(libc.o)
                0x0000000000600384                i2s
                0x0000000000600401                i2h
                0x0000000000600480                c2i
                0x0000000000600495                s2i
                0x0000000000600509                squ
                0x000000000060053a                big_little_16
                0x0000000000600564                big_little_32
                0x0000000000600593                little_big_16
                0x00000000006005bd                little_big_32
                0x00000000006005ec                push
                0x000000000060063d                clear_buf
                0x0000000000600663                num2bit
                0x00000000006007bb                bit2num
                0x000000000060086a                empty_buf
                0x000000000060089e                delay
                0x00000000006008e1                bcd_2_i
 .text          0x0000000000600918       0x19 ../../lib/adthas.a(sendmsg.o)
                0x0000000000600918                send_msg
 *fill*         0x0000000000600931        0xf 90909090
 .text          0x0000000000600940       0x48 ../../lib/adthas.a(syscalla.o)
                0x0000000000600940                send
                0x000000000060094c                forward
                0x0000000000600958                receive
                0x0000000000600964                setstatus
                0x0000000000600970                prints
                0x000000000060097c                setattr
 .text          0x0000000000600988       0x2e ../../lib/adthas.a(exit.o)
                0x0000000000600988                exit
 *fill*         0x00000000006009b6        0x2 90909090
 .text          0x00000000006009b8       0x2e ../../lib/adthas.a(enpage.o)
                0x00000000006009b8                enpage
 *(.gnu.warning)

.fini
 *(.fini)
                0x00000000006009e6                PROVIDE (__etext, .)
                0x00000000006009e6                PROVIDE (_etext, .)
                0x00000000006009e6                PROVIDE (etext, .)

.rodata         0x00000000006009e8       0x44
 *(.rodata .rodata.* .gnu.linkonce.r.*)
 .rodata        0x00000000006009e8       0x44 ../../lib/adthas.a(libc.o)

.rodata1
 *(.rodata1)

.eh_frame_hdr
 *(.eh_frame_hdr)

.eh_frame       0x0000000000600a2c      0x39c
 *(.eh_frame)
 .eh_frame      0x0000000000600a2c       0x38 echo/u_echo.o
 .eh_frame      0x0000000000600a64       0x40 ../../lib/adthas.a(printf.o)
                                         0x58 (size before relaxing)
 .eh_frame      0x0000000000600aa4       0x20 ../../lib/adthas.a(puts.o)
                                         0x38 (size before relaxing)
 .eh_frame      0x0000000000600ac4       0xa0 ../../lib/adthas.a(string.o)
                                         0xb8 (size before relaxing)
 .eh_frame      0x0000000000600b64      0x204 ../../lib/adthas.a(libc.o)
                                        0x21c (size before relaxing)
 .eh_frame      0x0000000000600d68       0x20 ../../lib/adthas.a(sendmsg.o)
                                         0x38 (size before relaxing)
 .eh_frame      0x0000000000600d88       0x20 ../../lib/adthas.a(exit.o)
                                         0x38 (size before relaxing)
 .eh_frame      0x0000000000600da8       0x20 ../../lib/adthas.a(enpage.o)
                                         0x38 (size before relaxing)

.gcc_except_table
 *(.gcc_except_table .gcc_except_table.*)

.exception_ranges
 *(.exception_ranges .exception_ranges*)
                0x0000000000600dc8                . = (ALIGN (0x1000) - ((0x1000 - .) & 0xfff))
                0x0000000000601000                . = DATA_SEGMENT_ALIGN (0x1000, 0x1000)

.eh_frame
 *(.eh_frame)

.gcc_except_table
 *(.gcc_except_table .gcc_except_table.*)

.exception_ranges
 *(.exception_ranges .exception_ranges*)

.tdata
 *(.tdata .tdata.* .gnu.linkonce.td.*)

.tbss
 *(.tbss .tbss.* .gnu.linkonce.tb.*)
 *(.tcommon)

.preinit_array  0x0000000000601000        0x0
                0x0000000000601000                PROVIDE (__preinit_array_start, .)
 *(.preinit_array)
                0x0000000000601000                PROVIDE (__preinit_array_end, .)

.init_array     0x0000000000601000        0x0
                0x0000000000601000                PROVIDE (__init_array_start, .)
 *(SORT(.init_array.*) SORT(.ctors.*))
 *(.init_array)
 *(EXCLUDE_FILE(*crtend?.o *crtend.o *crtbegin?.o *crtbegin.o) .ctors)
                0x0000000000601000                PROVIDE (__init_array_end, .)

.fini_array     0x0000000000601000        0x0
                0x0000000000601000                PROVIDE (__fini_array_start, .)
 *(SORT(.fini_array.*) SORT(.dtors.*))
 *(.fini_array)
 *(EXCLUDE_FILE(*crtend?.o *crtend.o *crtbegin?.o *crtbegin.o) .dtors)
                0x0000000000601000                PROVIDE (__fini_array_end, .)

.ctors
 *crtbegin.o(.ctors)
 *crtbegin?.o(.ctors)
 *(EXCLUDE_FILE(*crtend?.o *crtend.o) .ctors)
 *(SORT(.ctors.*))
 *(.ctors)

.dtors
 *crtbegin.o(.dtors)
 *crtbegin?.o(.dtors)
 *(EXCLUDE_FILE(*crtend?.o *crtend.o) .dtors)
 *(SORT(.dtors.*))
 *(.dtors)

.jcr
 *(.jcr)

.data.rel.ro
 *(.data.rel.ro.local* .gnu.linkonce.d.rel.ro.local.*)
 *(.data.rel.ro* .gnu.linkonce.d.rel.ro.*)

.dynamic
 *(.dynamic)

.got
 *(.got)
 *(.igot)
                0x0000000000601000                . = DATA_SEGMENT_RELRO_END (., 0xc)

.got.plt        0x0000000000601000        0x0
 *(.got.plt)
 *(.igot.plt)
 .igot.plt      0x0000000000000000        0x0 echo/start.o

.data           0x0000000000601000        0x0
 *(.data .data.* .gnu.linkonce.d.*)
 .data          0x0000000000601000        0x0 echo/u_echo.o
 .data          0x0000000000601000        0x0 ../../lib/adthas.a(printf.o)
 .data          0x0000000000601000        0x0 ../../lib/adthas.a(puts.o)
 .data          0x0000000000601000        0x0 ../../lib/adthas.a(string.o)
 .data          0x0000000000601000        0x0 ../../lib/adthas.a(libc.o)
 .data          0x0000000000601000        0x0 ../../lib/adthas.a(sendmsg.o)
 .data          0x0000000000601000        0x0 ../../lib/adthas.a(exit.o)
 .data          0x0000000000601000        0x0 ../../lib/adthas.a(enpage.o)

.data1
 *(.data1)
                0x0000000000601000                _edata = .
                0x0000000000601000                PROVIDE (edata, .)
                0x0000000000601000                __bss_start = .

.bss            0x0000000000601000     0x1638
 *(.dynbss)
 *(.bss .bss.* .gnu.linkonce.b.*)
 .bss           0x0000000000601000        0x0 echo/u_echo.o
 .bss           0x0000000000601000        0x0 ../../lib/adthas.a(printf.o)
 .bss           0x0000000000601000        0x0 ../../lib/adthas.a(puts.o)
 .bss           0x0000000000601000        0x0 ../../lib/adthas.a(string.o)
 .bss           0x0000000000601000        0x0 ../../lib/adthas.a(libc.o)
 .bss           0x0000000000601000        0x0 ../../lib/adthas.a(sendmsg.o)
 .bss           0x0000000000601000        0x0 ../../lib/adthas.a(exit.o)
 .bss           0x0000000000601000        0x0 ../../lib/adthas.a(enpage.o)
 *(COMMON)
 COMMON         0x0000000000601000     0x1630 echo/u_echo.o
                0x0000000000601000                p_recv_nbuf
                0x0000000000601004                p_tmp_data
                0x0000000000601008                wait_schd_tick
                0x000000000060100c                p_send_nbuf
                0x0000000000601010                p_msg_stack
                0x0000000000601020                msg_q
                0x000000000060262c                proc_schd_next
 COMMON         0x0000000000602630        0x8 ../../lib/adthas.a(printf.o)
                0x0000000000602630                p_tty_stack
                0x0000000000602634                cmdl
                0x0000000000602638                . = ALIGN ((. != 0x0)?0x4:0x1)
                0x0000000000602638                . = ALIGN (0x4)
                0x0000000000602638                . = ALIGN (0x4)
                0x0000000000602638                _end = .
                0x0000000000602638                PROVIDE (end, .)
                0x0000000000602638                . = DATA_SEGMENT_END (.)

.stab
 *(.stab)

.stabstr
 *(.stabstr)

.stab.excl
 *(.stab.excl)

.stab.exclstr
 *(.stab.exclstr)

.stab.index
 *(.stab.index)

.stab.indexstr
 *(.stab.indexstr)

.comment        0x0000000000000000       0x2a
 *(.comment)
 .comment       0x0000000000000000       0x2a echo/u_echo.o
                                         0x2b (size before relaxing)
 .comment       0x0000000000000000       0x2b ../../lib/adthas.a(printf.o)
 .comment       0x0000000000000000       0x2b ../../lib/adthas.a(puts.o)
 .comment       0x0000000000000000       0x2b ../../lib/adthas.a(string.o)
 .comment       0x0000000000000000       0x2b ../../lib/adthas.a(libc.o)
 .comment       0x0000000000000000       0x2b ../../lib/adthas.a(sendmsg.o)
 .comment       0x0000000000000000       0x2b ../../lib/adthas.a(exit.o)
 .comment       0x0000000000000000       0x2b ../../lib/adthas.a(enpage.o)

.debug
 *(.debug)

.line
 *(.line)

.debug_srcinfo
 *(.debug_srcinfo)

.debug_sfnames
 *(.debug_sfnames)

.debug_aranges
 *(.debug_aranges)

.debug_pubnames
 *(.debug_pubnames)

.debug_info
 *(.debug_info .gnu.linkonce.wi.*)

.debug_abbrev
 *(.debug_abbrev)

.debug_line
 *(.debug_line)

.debug_frame
 *(.debug_frame)

.debug_str
 *(.debug_str)

.debug_loc
 *(.debug_loc)

.debug_macinfo
 *(.debug_macinfo)

.debug_weaknames
 *(.debug_weaknames)

.debug_funcnames
 *(.debug_funcnames)

.debug_typenames
 *(.debug_typenames)

.debug_varnames
 *(.debug_varnames)

.debug_pubtypes
 *(.debug_pubtypes)

.debug_ranges
 *(.debug_ranges)

.gnu.attributes
 *(.gnu.attributes)

/DISCARD/
 *(.note.GNU-stack)
 *(.gnu_debuglink)
 *(.gnu.lto_*)
OUTPUT(../sys/echo elf32-i386)
